// Jest Snapshot v1, https://goo.gl/fbAQLP

exports[`typegoose-specific-options should set Severity right 1`] = `"Setting \\"Mixed\\" is not allowed! (TestSeverityOption, error) [E017]"`;
